// Jest Snapshot v1, https://goo.gl/fbAQLP

exports[`render App test render App correctly 1`] = `
<div
  className="d-flex"
>
  <div
    className="windowActionWrap"
  >
    <div
      className="window-left"
    />
    <div
      className="window-right"
    />
  </div>
</div>
`;
